---
source: crates/mun_codegen/src/test.rs
expression: "pub fn assign_leftshift(a: u128, b: u128) -> u128 {\n    a <<= b;\n    a\n}\npub fn assign_rightshift(a: u128, b: u128) -> u128 {\n    a >>= b;\n    a\n}"
---
; == FILE IR =====================================
; ModuleID = 'main.mun'
source_filename = "main.mun"

%struct.MunTypeInfo.1 = type { [16 x i8], i8 addrspace(4)*, i32, i8, i8 }

@global_type_table = external global [1 x %struct.MunTypeInfo.1 addrspace(4)*]

define i128 @assign_leftshift(i128 %0, i128 %1) {
body:
  %left_shift = shl i128 %0, %1
  ret i128 %left_shift
}

define i128 @assign_rightshift(i128 %0, i128 %1) {
body:
  %right_shift = lshr i128 %0, %1
  ret i128 %right_shift
}


; == GROUP IR ====================================
; ModuleID = 'group_name'
source_filename = "group_name"

%struct.MunTypeInfo = type { [16 x i8], i8 addrspace(4)*, i32, i8, i8 }

@"type_info::<core::u128>::name" = private unnamed_addr constant [11 x i8] c"core::u128\00"
@"type_info::<core::u128>" = private unnamed_addr constant %struct.MunTypeInfo { [16 x i8] c"\E67\1BU\E9k\95\93d\14}\1C\96S\95\F0", [11 x i8]* @"type_info::<core::u128>::name", i32 128, i8 8, i8 0 }
@global_type_table = global [1 x %struct.MunTypeInfo addrspace(4)*] [%struct.MunTypeInfo addrspace(4)* @"type_info::<core::u128>"]

