---
source: crates/mun_codegen/src/test.rs
expression: "pub fn equals(a: i32, b: i32) -> bool { a == b }\npub fn not_equal(a: i32, b: i32) -> bool { a != b}\npub fn less(a: i32, b: i32) -> bool { a < b }\npub fn less_equal(a: i32, b: i32) -> bool { a <= b }\npub fn greater(a: i32, b: i32) -> bool { a > b }\npub fn greater_equal(a: i32, b: i32) -> bool { a >= b }"
---
; == FILE IR =====================================
; ModuleID = 'main.mun'
source_filename = "main.mun"

%struct.MunTypeInfo.1 = type { [16 x i8], i8 addrspace(4)*, i32, i8, i8 }

@global_type_table = external global [2 x %struct.MunTypeInfo.1 addrspace(4)*]

define i1 @equals(i32 %0, i32 %1) {
body:
  %eq = icmp eq i32 %0, %1
  ret i1 %eq
}

define i1 @not_equal(i32 %0, i32 %1) {
body:
  %neq = icmp ne i32 %0, %1
  ret i1 %neq
}

define i1 @less(i32 %0, i32 %1) {
body:
  %less = icmp slt i32 %0, %1
  ret i1 %less
}

define i1 @less_equal(i32 %0, i32 %1) {
body:
  %lesseq = icmp sle i32 %0, %1
  ret i1 %lesseq
}

define i1 @greater(i32 %0, i32 %1) {
body:
  %greater = icmp sgt i32 %0, %1
  ret i1 %greater
}

define i1 @greater_equal(i32 %0, i32 %1) {
body:
  %greatereq = icmp sge i32 %0, %1
  ret i1 %greatereq
}


; == GROUP IR ====================================
; ModuleID = 'group_name'
source_filename = "group_name"

%struct.MunTypeInfo = type { [16 x i8], i8 addrspace(4)*, i32, i8, i8 }

@"type_info::<core::i32>::name" = private unnamed_addr constant [10 x i8] c"core::i32\00"
@"type_info::<core::i32>" = private unnamed_addr constant %struct.MunTypeInfo { [16 x i8] c"\17yzt\19\D62\17\D25\95C\17\88[\FA", [10 x i8]* @"type_info::<core::i32>::name", i32 32, i8 4, i8 0 }
@"type_info::<core::bool>::name" = private unnamed_addr constant [11 x i8] c"core::bool\00"
@"type_info::<core::bool>" = private unnamed_addr constant %struct.MunTypeInfo { [16 x i8] c"x\82\81m t7\03\CB\F8k\81-;\C9\84", [11 x i8]* @"type_info::<core::bool>::name", i32 1, i8 1, i8 0 }
@global_type_table = global [2 x %struct.MunTypeInfo addrspace(4)*] [%struct.MunTypeInfo addrspace(4)* @"type_info::<core::i32>", %struct.MunTypeInfo addrspace(4)* @"type_info::<core::bool>"]

