---
source: crates/mun_codegen/src/test.rs
expression: "pub fn negate(a: f32) -> f32 { -a }"
---
; == FILE IR =====================================
; ModuleID = 'main.mun'
source_filename = "main.mun"

%struct.MunTypeInfo = type { [16 x i8], i8 addrspace(4)*, i32, i8, i8 }

@global_type_table = external global [1 x %struct.MunTypeInfo addrspace(4)*]

define float @negate(float %0) {
body:
  %neg = fneg float %0
  ret float %neg
}


; == GROUP IR ====================================
; ModuleID = 'group_name'
source_filename = "group_name"

%struct.MunTypeInfo = type { [16 x i8], i8 addrspace(4)*, i32, i8, i8 }

@"type_info::<core::f32>::name" = private unnamed_addr constant [10 x i8] c"core::f32\00"
@"type_info::<core::f32>" = private unnamed_addr constant %struct.MunTypeInfo { [16 x i8] c"P\19b7\A8k\F2\81P\FB\83\F5P\B0\82!", [10 x i8]* @"type_info::<core::f32>::name", i32 32, i8 4, i8 0 }
@global_type_table = global [1 x %struct.MunTypeInfo addrspace(4)*] [%struct.MunTypeInfo addrspace(4)* @"type_info::<core::f32>"]

