---
source: crates/mun_codegen/src/test.rs
expression: "pub fn add(a: u128, b: u128) -> u128 { a + b }\npub fn subtract(a: u128, b: u128) -> u128 { a - b }\npub fn multiply(a: u128, b: u128) -> u128 { a * b }\npub fn divide(a: u128, b: u128) -> u128 { a / b }\npub fn remainder(a: u128, b: u128) -> u128 { a % b }"
---
; == FILE IR =====================================
; ModuleID = 'main.mun'
source_filename = "main.mun"

%struct.MunTypeInfo.1 = type { [16 x i8], i8 addrspace(4)*, i32, i8, i8 }

@global_type_table = external global [1 x %struct.MunTypeInfo.1 addrspace(4)*]

define i128 @add(i128 %0, i128 %1) {
body:
  %add = add i128 %0, %1
  ret i128 %add
}

define i128 @subtract(i128 %0, i128 %1) {
body:
  %sub = sub i128 %0, %1
  ret i128 %sub
}

define i128 @multiply(i128 %0, i128 %1) {
body:
  %mul = mul i128 %0, %1
  ret i128 %mul
}

define i128 @divide(i128 %0, i128 %1) {
body:
  %div = udiv i128 %0, %1
  ret i128 %div
}

define i128 @remainder(i128 %0, i128 %1) {
body:
  %rem = urem i128 %0, %1
  ret i128 %rem
}


; == GROUP IR ====================================
; ModuleID = 'group_name'
source_filename = "group_name"

%struct.MunTypeInfo = type { [16 x i8], i8 addrspace(4)*, i32, i8, i8 }

@"type_info::<core::u128>::name" = private unnamed_addr constant [11 x i8] c"core::u128\00"
@"type_info::<core::u128>" = private unnamed_addr constant %struct.MunTypeInfo { [16 x i8] c"\E67\1BU\E9k\95\93d\14}\1C\96S\95\F0", [11 x i8]* @"type_info::<core::u128>::name", i32 128, i8 8, i8 0 }
@global_type_table = global [1 x %struct.MunTypeInfo addrspace(4)*] [%struct.MunTypeInfo addrspace(4)* @"type_info::<core::u128>"]

