---
source: crates/mun_codegen/src/test.rs
expression: "pub fn assign(a: u64, b: u64) -> u64 {\n    a = b;\n    a\n}\npub fn assign_add(a: u64, b: u64) -> u64 {\n    a += b;\n    a\n}\npub fn assign_subtract(a: u64, b: u64) -> u64 {\n    a -= b;\n    a\n}\npub fn assign_multiply(a: u64, b: u64) -> u64 {\n    a *= b;\n    a\n}\npub fn assign_divide(a: u64, b: u64) -> u64 {\n    a /= b;\n    a\n}\npub fn assign_remainder(a: u64, b: u64) -> u64 {\n    a %= b;\n    a\n}"
---
; == FILE IR =====================================
; ModuleID = 'main.mun'
source_filename = "main.mun"

%struct.MunTypeInfo = type { [16 x i8], i8 addrspace(4)*, i32, i8, i8 }

@global_type_table = external global [1 x %struct.MunTypeInfo addrspace(4)*]

define i64 @assign(i64 %0, i64 %1) {
body:
  ret i64 %1
}

define i64 @assign_add(i64 %0, i64 %1) {
body:
  %add = add i64 %0, %1
  ret i64 %add
}

define i64 @assign_subtract(i64 %0, i64 %1) {
body:
  %sub = sub i64 %0, %1
  ret i64 %sub
}

define i64 @assign_multiply(i64 %0, i64 %1) {
body:
  %mul = mul i64 %0, %1
  ret i64 %mul
}

define i64 @assign_divide(i64 %0, i64 %1) {
body:
  %div = udiv i64 %0, %1
  ret i64 %div
}

define i64 @assign_remainder(i64 %0, i64 %1) {
body:
  %rem = urem i64 %0, %1
  ret i64 %rem
}


; == GROUP IR ====================================
; ModuleID = 'group_name'
source_filename = "group_name"

%struct.MunTypeInfo = type { [16 x i8], i8 addrspace(4)*, i32, i8, i8 }

@"type_info::<core::u64>::name" = private unnamed_addr constant [10 x i8] c"core::u64\00"
@"type_info::<core::u64>" = private unnamed_addr constant %struct.MunTypeInfo { [16 x i8] c"\A6\E7g \D1\8B\1Aq`\1F\1E\07\BB5@q", [10 x i8]* @"type_info::<core::u64>::name", i32 64, i8 8, i8 0 }
@global_type_table = global [1 x %struct.MunTypeInfo addrspace(4)*] [%struct.MunTypeInfo addrspace(4)* @"type_info::<core::u64>"]

